// Vitest Snapshot v1, https://vitest.dev/guide/snapshot.html

exports[`projectCube > is a stable snapshot of cube geometry 1`] = `
[
  {
    "face": "top",
    "quad": [
      {
        "x": 0.4419,
        "y": -0.2706,
      },
      {
        "x": -0,
        "y": -0.0497,
      },
      {
        "x": -0.4419,
        "y": -0.2706,
      },
      {
        "x": 0,
        "y": -0.4916,
      },
    ],
    "shade": 1,
  },
  {
    "face": "left",
    "quad": [
      {
        "x": -0.4419,
        "y": -0.2706,
      },
      {
        "x": -0,
        "y": -0.0497,
      },
      {
        "x": -0,
        "y": 0.4916,
      },
      {
        "x": -0.4419,
        "y": 0.2706,
      },
    ],
    "shade": 0.72,
  },
  {
    "face": "right",
    "quad": [
      {
        "x": -0,
        "y": -0.0497,
      },
      {
        "x": 0.4419,
        "y": -0.2706,
      },
      {
        "x": 0.4419,
        "y": 0.2706,
      },
      {
        "x": -0,
        "y": 0.4916,
      },
    ],
    "shade": 0.88,
  },
]
`;
